{g(u), q(f), q(e), p(c,y,w), p(b,x,v), p(a,x,u), count(2)}
