{p(a,x,u), p(b,x,u), p(c,y,u), p(d,x,z), q(e), q(f), g(u), count(2)}
