{p(a,y), s(b), t(z,y), p(k,y), p(b,y), p(z,z), p(r,y), max(r)}
