{p(a,b,one), p(a,b,two), p(a,b,three), p(a,b,four), s(a,b,one), p(a,c,one), p(x,b,one), count(4), min(four), max(two)}
